{"sessionId": "005787", "runId": "pre", "hypothesisId": "A", "location": "app.py", "message": "Flask app configured", "data": {"session_cookie_secure": false, "session_cookie_samesite": "Lax", "session_cookie_secure_env": "false"}, "timestamp": 1777572396121}
{"sessionId": "005787", "runId": "pre", "hypothesisId": "A", "location": "app.py", "message": "Flask app configured", "data": {"session_cookie_secure": false, "session_cookie_samesite": "Lax", "session_cookie_secure_env": "false"}, "timestamp": 1777572785004}
{"sessionId": "005787", "runId": "pre", "hypothesisId": "A", "location": "app.py", "message": "Flask app configured", "data": {"session_cookie_secure": false, "session_cookie_samesite": "Lax", "session_cookie_secure_env": "false"}, "timestamp": 1777572899944}
{"sessionId": "005787", "runId": "pre", "hypothesisId": "A", "location": "app.py", "message": "Flask app configured", "data": {"session_cookie_secure": false, "session_cookie_samesite": "Lax", "session_cookie_secure_env": "false"}, "timestamp": 1777573637285}
{"sessionId": "005787", "runId": "pre", "hypothesisId": "A", "location": "app.py", "message": "Flask app configured", "data": {"session_cookie_secure": false, "session_cookie_samesite": "Lax", "session_cookie_secure_env": "false"}, "timestamp": 1777573751940}
{"sessionId": "005787", "runId": "pre", "hypothesisId": "A", "location": "app.py", "message": "Flask app configured", "data": {"session_cookie_secure": false, "session_cookie_samesite": "Lax", "session_cookie_secure_env": "false"}, "timestamp": 1777573836024}
{"sessionId": "005787", "runId": "pre", "hypothesisId": "A", "location": "app.py", "message": "GET / entry", "data": {"args_keys": [], "has_code": false, "has_error": false, "has_session_token": true, "has_session_state": true, "request_is_secure": false, "scheme": "http"}, "timestamp": 1777573839427}
{"sessionId": "005787", "runId": "pre", "hypothesisId": "E", "location": "app.py", "message": "_get_authenticated_client start", "data": {}, "timestamp": 1777573839429}
{"sessionId": "005787", "runId": "pre", "hypothesisId": "E", "location": "app.py", "message": "oauth.validate_token returned", "data": {"elapsed_ms": 0, "has_token_info": false}, "timestamp": 1777573839431}
{"sessionId": "005787", "runId": "pre", "hypothesisId": "E", "location": "app.py", "message": "_get_authenticated_client no token_info", "data": {"elapsed_ms_total": 4}, "timestamp": 1777573839433}
{"sessionId": "005787", "runId": "pre", "hypothesisId": "G", "location": "app.py", "message": "render landing", "data": {"status_message": "Spotify connected successfully. Starting ingestion and feature prep.", "has_session_token": true, "has_session_state": true}, "timestamp": 1777573839436}
{"sessionId": "005787", "runId": "pre", "hypothesisId": "F", "location": "app.py", "message": "beacon", "data": {"event": "landing_load", "ua": "Mozilla/5.0 (Windows NT 10.0; Win64; x64) AppleWebKit/537.36 (KHTML, like Gecko) Chrome/147.0.0.0 Safari/537.36", "referer": "http://127.0.0.1:8501/", "has_session_token": true}, "timestamp": 1777573839843}
{"sessionId": "005787", "runId": "pre", "hypothesisId": "G", "location": "app.py", "message": "GET /login entry", "data": {"has_session_state": true, "has_session_token": true, "scheme": "http"}, "timestamp": 1777573840877}
{"sessionId": "005787", "runId": "pre", "hypothesisId": "G", "location": "app.py", "message": "redirecting to spotify authorize", "data": {"redirect_uri": "http://127.0.0.1:8501/callback", "scope": "user-library-read playlist-modify-public playlist-modify-private", "state_set": true}, "timestamp": 1777573840880}
{"sessionId": "005787", "runId": "pre", "hypothesisId": "A", "location": "app.py", "message": "Flask app configured", "data": {"session_cookie_secure": false, "session_cookie_samesite": "Lax", "session_cookie_secure_env": "false"}, "timestamp": 1777573901771}
{"sessionId": "005787", "runId": "pre", "hypothesisId": "A", "location": "app.py", "message": "GET / entry", "data": {"args_keys": [], "has_code": false, "has_error": false, "has_session_token": true, "has_session_state": true, "request_is_secure": false, "scheme": "http"}, "timestamp": 1777573904629}
{"sessionId": "005787", "runId": "pre", "hypothesisId": "E", "location": "app.py", "message": "_get_authenticated_client start", "data": {}, "timestamp": 1777573904630}
{"sessionId": "005787", "runId": "pre", "hypothesisId": "E", "location": "app.py", "message": "oauth.validate_token returned", "data": {"elapsed_ms": 0, "has_token_info": false}, "timestamp": 1777573904632}
{"sessionId": "005787", "runId": "pre", "hypothesisId": "E", "location": "app.py", "message": "_get_authenticated_client no token_info", "data": {"elapsed_ms_total": 7}, "timestamp": 1777573904637}
{"sessionId": "005787", "runId": "pre", "hypothesisId": "G", "location": "app.py", "message": "render landing", "data": {"status_message": "Connect your Spotify account to start data ingestion and feature prep.", "has_session_token": true, "has_session_state": true}, "timestamp": 1777573904639}
{"sessionId": "005787", "runId": "pre", "hypothesisId": "F", "location": "app.py", "message": "beacon", "data": {"event": "landing_load", "ua": "Mozilla/5.0 (Windows NT 10.0; Win64; x64) AppleWebKit/537.36 (KHTML, like Gecko) Chrome/147.0.0.0 Safari/537.36", "referer": "http://127.0.0.1:8501/", "has_session_token": true}, "timestamp": 1777573905035}
{"sessionId": "005787", "runId": "pre", "hypothesisId": "G", "location": "app.py", "message": "GET /login entry", "data": {"has_session_state": true, "has_session_token": true, "scheme": "http"}, "timestamp": 1777573906006}
{"sessionId": "005787", "runId": "pre", "hypothesisId": "G", "location": "app.py", "message": "redirecting to spotify authorize", "data": {"redirect_uri": "http://127.0.0.1:8501/callback", "scope": "user-library-read playlist-modify-public playlist-modify-private", "state_set": true}, "timestamp": 1777573906007}
{"sessionId": "005787", "runId": "pre", "hypothesisId": "G", "location": "app.py", "message": "GET /callback entry", "data": {"args_keys": ["code", "state"], "has_code": true, "has_error": false, "remote_state_present": true, "local_state_present": true, "scheme": "http"}, "timestamp": 1777573906104}
{"sessionId": "005787", "runId": "pre", "hypothesisId": "G", "location": "app.py", "message": "callback stored token in session", "data": {}, "timestamp": 1777573906263}
{"sessionId": "005787", "runId": "pre", "hypothesisId": "B", "location": "app.py", "message": "GET /start entry", "data": {"has_session_token": true, "has_session_state": true, "scheme": "http"}, "timestamp": 1777573906273}
{"sessionId": "005787", "runId": "pre", "hypothesisId": "E", "location": "app.py", "message": "_get_authenticated_client start", "data": {}, "timestamp": 1777573906274}
{"sessionId": "005787", "runId": "pre", "hypothesisId": "E", "location": "app.py", "message": "oauth.validate_token returned", "data": {"elapsed_ms": 0, "has_token_info": true}, "timestamp": 1777573906275}
{"sessionId": "005787", "runId": "pre", "hypothesisId": "E", "location": "app.py", "message": "_get_authenticated_client done", "data": {"elapsed_ms_total": 2}, "timestamp": 1777573906276}
{"sessionId": "005787", "runId": "pre", "hypothesisId": "C", "location": "app.py", "message": "POST /run-pipeline entry", "data": {"has_session_token": true, "scheme": "http"}, "timestamp": 1777573906354}
{"sessionId": "005787", "runId": "pre", "hypothesisId": "E", "location": "app.py", "message": "_get_authenticated_client start", "data": {}, "timestamp": 1777573906358}
{"sessionId": "005787", "runId": "pre", "hypothesisId": "F", "location": "app.py", "message": "beacon", "data": {"event": "start_load", "ua": "Mozilla/5.0 (Windows NT 10.0; Win64; x64) AppleWebKit/537.36 (KHTML, like Gecko) Chrome/147.0.0.0 Safari/537.36", "referer": "http://127.0.0.1:8501/start", "has_session_token": true}, "timestamp": 1777573906358}
{"sessionId": "005787", "runId": "pre", "hypothesisId": "E", "location": "app.py", "message": "oauth.validate_token returned", "data": {"elapsed_ms": 1, "has_token_info": true}, "timestamp": 1777573906360}
{"sessionId": "005787", "runId": "pre", "hypothesisId": "E", "location": "app.py", "message": "_get_authenticated_client done", "data": {"elapsed_ms_total": 5}, "timestamp": 1777573906363}
{"sessionId": "005787", "runId": "pre", "hypothesisId": "C", "location": "app.py", "message": "pipeline stream generator start", "data": {}, "timestamp": 1777573906364}
{"sessionId": "005787", "runId": "pre", "hypothesisId": "C", "location": "app.py", "message": "pipeline worker start", "data": {}, "timestamp": 1777573906369}
{"sessionId": "005787", "runId": "pre", "hypothesisId": "C", "location": "spotify_client.py", "message": "extract start", "data": {"rapidapi_host": "spotify-extended-audio-features-api.p.rapidapi.com", "rapidapi_timeout_seconds_type": "float", "rapidapi_timeout_seconds": "20.0"}, "timestamp": 1777573906371}
{"sessionId": "005787", "runId": "pre", "hypothesisId": "C", "location": "spotify_client.py", "message": "fetch_saved_tracks batch", "data": {"offset": 0, "limit": 50}, "timestamp": 1777573906373}
{"sessionId": "005787", "runId": "pre", "hypothesisId": "C", "location": "spotify_client.py", "message": "fetch_saved_tracks batch", "data": {"offset": 50, "limit": 50}, "timestamp": 1777573906811}
{"sessionId": "005787", "runId": "pre", "hypothesisId": "C", "location": "spotify_client.py", "message": "fetch_saved_tracks batch", "data": {"offset": 100, "limit": 50}, "timestamp": 1777573907092}
{"sessionId": "005787", "runId": "pre", "hypothesisId": "C", "location": "spotify_client.py", "message": "fetch_saved_tracks batch", "data": {"offset": 150, "limit": 50}, "timestamp": 1777573907344}
{"sessionId": "005787", "runId": "pre", "hypothesisId": "C", "location": "spotify_client.py", "message": "fetch_saved_tracks batch", "data": {"offset": 200, "limit": 50}, "timestamp": 1777573907661}
{"sessionId": "005787", "runId": "pre", "hypothesisId": "C", "location": "spotify_client.py", "message": "fetch_saved_tracks batch", "data": {"offset": 250, "limit": 50}, "timestamp": 1777573907904}
{"sessionId": "005787", "runId": "pre", "hypothesisId": "C", "location": "spotify_client.py", "message": "saved tracks fetched", "data": {"items": 300}, "timestamp": 1777573908236}
{"sessionId": "005787", "runId": "pre", "hypothesisId": "C", "location": "spotify_client.py", "message": "fetch_audio_features start", "data": {"track_ids": 300, "batches": 60, "timeout_seconds": "20.0"}, "timestamp": 1777573908238}
{"sessionId": "005787", "runId": "pre", "hypothesisId": "C", "location": "spotify_client.py", "message": "audio features fetched", "data": {"track_ids": 300, "features": 300, "has_warning": false}, "timestamp": 1777573909729}
{"sessionId": "005787", "runId": "pre", "hypothesisId": "C", "location": "app.py", "message": "pipeline worker finished analyze_library", "data": {"records_loaded": 300, "raw_empty": false, "has_cluster_result": true, "has_warning": false}, "timestamp": 1777573915134}
{"sessionId": "005787", "runId": "pre", "hypothesisId": "F", "location": "app.py", "message": "beacon", "data": {"event": "start_load", "ua": "Mozilla/5.0 (Windows NT 10.0; Win64; x64) AppleWebKit/537.36 (KHTML, like Gecko) Chrome/147.0.0.0 Safari/537.36", "referer": "http://127.0.0.1:8501/run-pipeline", "has_session_token": true}, "timestamp": 1777573915264}
{"sessionId": "005787", "runId": "pre", "hypothesisId": "A", "location": "app.py", "message": "Flask app configured", "data": {"session_cookie_secure": false, "session_cookie_samesite": "Lax", "session_cookie_secure_env": "false"}, "timestamp": 1777574037295}
{"sessionId": "005787", "runId": "pre", "hypothesisId": "A", "location": "app.py", "message": "GET / entry", "data": {"args_keys": [], "has_code": false, "has_error": false, "has_session_token": true, "has_session_state": true, "request_is_secure": false, "scheme": "http"}, "timestamp": 1777574042472}
{"sessionId": "005787", "runId": "pre", "hypothesisId": "E", "location": "app.py", "message": "_get_authenticated_client start", "data": {}, "timestamp": 1777574042475}
{"sessionId": "005787", "runId": "pre", "hypothesisId": "E", "location": "app.py", "message": "oauth.validate_token returned", "data": {"elapsed_ms": 0, "has_token_info": true}, "timestamp": 1777574042477}
{"sessionId": "005787", "runId": "pre", "hypothesisId": "E", "location": "app.py", "message": "_get_authenticated_client done", "data": {"elapsed_ms_total": 4}, "timestamp": 1777574042479}
{"sessionId": "005787", "runId": "pre", "hypothesisId": "C", "location": "app.py", "message": "POST /run-pipeline entry", "data": {"has_session_token": true, "scheme": "http"}, "timestamp": 1777574049423}
{"sessionId": "005787", "runId": "pre", "hypothesisId": "E", "location": "app.py", "message": "_get_authenticated_client start", "data": {}, "timestamp": 1777574049423}
{"sessionId": "005787", "runId": "pre", "hypothesisId": "E", "location": "app.py", "message": "oauth.validate_token returned", "data": {"elapsed_ms": 0, "has_token_info": true}, "timestamp": 1777574049426}
{"sessionId": "005787", "runId": "pre", "hypothesisId": "E", "location": "app.py", "message": "_get_authenticated_client done", "data": {"elapsed_ms_total": 4}, "timestamp": 1777574049427}
{"sessionId": "005787", "runId": "pre", "hypothesisId": "C", "location": "app.py", "message": "pipeline stream generator start", "data": {}, "timestamp": 1777574049429}
{"sessionId": "005787", "runId": "pre", "hypothesisId": "C", "location": "app.py", "message": "pipeline worker start", "data": {}, "timestamp": 1777574049434}
{"sessionId": "005787", "runId": "pre", "hypothesisId": "C", "location": "spotify_client.py", "message": "extract start", "data": {"rapidapi_host": "spotify-extended-audio-features-api.p.rapidapi.com", "rapidapi_timeout_seconds_type": "float", "rapidapi_timeout_seconds": "20.0"}, "timestamp": 1777574049435}
{"sessionId": "005787", "runId": "pre", "hypothesisId": "C", "location": "spotify_client.py", "message": "fetch_saved_tracks batch", "data": {"offset": 0, "limit": 50}, "timestamp": 1777574049437}
{"sessionId": "005787", "runId": "pre", "hypothesisId": "C", "location": "spotify_client.py", "message": "fetch_saved_tracks batch", "data": {"offset": 50, "limit": 50}, "timestamp": 1777574049850}
{"sessionId": "005787", "runId": "pre", "hypothesisId": "C", "location": "spotify_client.py", "message": "fetch_saved_tracks batch", "data": {"offset": 100, "limit": 50}, "timestamp": 1777574050065}
{"sessionId": "005787", "runId": "pre", "hypothesisId": "C", "location": "spotify_client.py", "message": "fetch_saved_tracks batch", "data": {"offset": 150, "limit": 50}, "timestamp": 1777574050343}
{"sessionId": "005787", "runId": "pre", "hypothesisId": "C", "location": "spotify_client.py", "message": "fetch_saved_tracks batch", "data": {"offset": 200, "limit": 50}, "timestamp": 1777574050597}
{"sessionId": "005787", "runId": "pre", "hypothesisId": "C", "location": "spotify_client.py", "message": "fetch_saved_tracks batch", "data": {"offset": 250, "limit": 50}, "timestamp": 1777574050838}
{"sessionId": "005787", "runId": "pre", "hypothesisId": "C", "location": "spotify_client.py", "message": "saved tracks fetched", "data": {"items": 300}, "timestamp": 1777574051078}
{"sessionId": "005787", "runId": "pre", "hypothesisId": "C", "location": "spotify_client.py", "message": "fetch_audio_features start", "data": {"track_ids": 300, "batches": 60, "timeout_seconds": "20.0"}, "timestamp": 1777574051079}
{"sessionId": "005787", "runId": "pre", "hypothesisId": "C", "location": "spotify_client.py", "message": "audio features fetched", "data": {"track_ids": 300, "features": 300, "has_warning": false}, "timestamp": 1777574052598}
{"sessionId": "005787", "runId": "pre", "hypothesisId": "C", "location": "app.py", "message": "pipeline worker finished analyze_library", "data": {"records_loaded": 300, "raw_empty": false, "has_cluster_result": true, "has_warning": false}, "timestamp": 1777574056834}
{"sessionId": "005787", "runId": "pre", "hypothesisId": "F", "location": "app.py", "message": "beacon", "data": {"event": "start_load", "ua": "Mozilla/5.0 (Windows NT 10.0; Win64; x64) AppleWebKit/537.36 (KHTML, like Gecko) Chrome/147.0.0.0 Safari/537.36", "referer": "http://127.0.0.1:8501/run-pipeline", "has_session_token": true}, "timestamp": 1777574056970}
{"sessionId": "005787", "runId": "pre", "hypothesisId": "A", "location": "app.py", "message": "Flask app configured", "data": {"session_cookie_secure": false, "session_cookie_samesite": "Lax", "session_cookie_secure_env": "false"}, "timestamp": 1777574083081}
{"sessionId": "005787", "runId": "pre", "hypothesisId": "A", "location": "app.py", "message": "GET / entry", "data": {"args_keys": [], "has_code": false, "has_error": false, "has_session_token": true, "has_session_state": true, "request_is_secure": false, "scheme": "http"}, "timestamp": 1777574086221}
{"sessionId": "005787", "runId": "pre", "hypothesisId": "E", "location": "app.py", "message": "_get_authenticated_client start", "data": {}, "timestamp": 1777574086224}
{"sessionId": "005787", "runId": "pre", "hypothesisId": "E", "location": "app.py", "message": "oauth.validate_token returned", "data": {"elapsed_ms": 1, "has_token_info": true}, "timestamp": 1777574086227}
{"sessionId": "005787", "runId": "pre", "hypothesisId": "E", "location": "app.py", "message": "_get_authenticated_client done", "data": {"elapsed_ms_total": 8}, "timestamp": 1777574086232}
{"sessionId": "005787", "runId": "pre", "hypothesisId": "C", "location": "app.py", "message": "POST /run-pipeline entry", "data": {"has_session_token": true, "scheme": "http"}, "timestamp": 1777574088160}
{"sessionId": "005787", "runId": "pre", "hypothesisId": "E", "location": "app.py", "message": "_get_authenticated_client start", "data": {}, "timestamp": 1777574088162}
{"sessionId": "005787", "runId": "pre", "hypothesisId": "E", "location": "app.py", "message": "oauth.validate_token returned", "data": {"elapsed_ms": 0, "has_token_info": true}, "timestamp": 1777574088163}
{"sessionId": "005787", "runId": "pre", "hypothesisId": "E", "location": "app.py", "message": "_get_authenticated_client done", "data": {"elapsed_ms_total": 4}, "timestamp": 1777574088167}
{"sessionId": "005787", "runId": "pre", "hypothesisId": "C", "location": "app.py", "message": "pipeline stream generator start", "data": {}, "timestamp": 1777574088170}
{"sessionId": "005787", "runId": "pre", "hypothesisId": "C", "location": "app.py", "message": "pipeline worker start", "data": {}, "timestamp": 1777574088172}
{"sessionId": "005787", "runId": "pre", "hypothesisId": "C", "location": "spotify_client.py", "message": "extract start", "data": {"rapidapi_host": "spotify-extended-audio-features-api.p.rapidapi.com", "rapidapi_timeout_seconds_type": "float", "rapidapi_timeout_seconds": "20.0"}, "timestamp": 1777574088173}
{"sessionId": "005787", "runId": "pre", "hypothesisId": "C", "location": "spotify_client.py", "message": "fetch_saved_tracks batch", "data": {"offset": 0, "limit": 50}, "timestamp": 1777574088176}
{"sessionId": "005787", "runId": "pre", "hypothesisId": "C", "location": "spotify_client.py", "message": "fetch_saved_tracks batch", "data": {"offset": 50, "limit": 50}, "timestamp": 1777574088491}
{"sessionId": "005787", "runId": "pre", "hypothesisId": "C", "location": "spotify_client.py", "message": "fetch_saved_tracks batch", "data": {"offset": 100, "limit": 50}, "timestamp": 1777574088773}
{"sessionId": "005787", "runId": "pre", "hypothesisId": "C", "location": "spotify_client.py", "message": "fetch_saved_tracks batch", "data": {"offset": 150, "limit": 50}, "timestamp": 1777574088999}
{"sessionId": "005787", "runId": "pre", "hypothesisId": "C", "location": "spotify_client.py", "message": "fetch_saved_tracks batch", "data": {"offset": 200, "limit": 50}, "timestamp": 1777574089265}
{"sessionId": "005787", "runId": "pre", "hypothesisId": "C", "location": "spotify_client.py", "message": "fetch_saved_tracks batch", "data": {"offset": 250, "limit": 50}, "timestamp": 1777574089492}
{"sessionId": "005787", "runId": "pre", "hypothesisId": "C", "location": "spotify_client.py", "message": "saved tracks fetched", "data": {"items": 300}, "timestamp": 1777574089744}
{"sessionId": "005787", "runId": "pre", "hypothesisId": "C", "location": "spotify_client.py", "message": "fetch_audio_features start", "data": {"track_ids": 300, "batches": 60, "timeout_seconds": "20.0"}, "timestamp": 1777574089747}
{"sessionId": "005787", "runId": "pre", "hypothesisId": "C", "location": "spotify_client.py", "message": "audio features fetched", "data": {"track_ids": 300, "features": 300, "has_warning": false}, "timestamp": 1777574091206}
{"sessionId": "005787", "runId": "pre", "hypothesisId": "C", "location": "app.py", "message": "pipeline worker finished analyze_library", "data": {"records_loaded": 300, "raw_empty": false, "has_cluster_result": true, "has_warning": false}, "timestamp": 1777574095386}
{"sessionId": "005787", "runId": "pre", "hypothesisId": "F", "location": "app.py", "message": "beacon", "data": {"event": "start_load", "ua": "Mozilla/5.0 (Windows NT 10.0; Win64; x64) AppleWebKit/537.36 (KHTML, like Gecko) Chrome/147.0.0.0 Safari/537.36", "referer": "http://127.0.0.1:8501/run-pipeline", "has_session_token": true}, "timestamp": 1777574095530}
{"sessionId": "005787", "runId": "pre", "hypothesisId": "A", "location": "app.py", "message": "Flask app configured", "data": {"session_cookie_secure": false, "session_cookie_samesite": "Lax", "session_cookie_secure_env": "false"}, "timestamp": 1777574205183}
{"sessionId": "005787", "runId": "pre", "hypothesisId": "A", "location": "app.py", "message": "GET / entry", "data": {"args_keys": [], "has_code": false, "has_error": false, "has_session_token": true, "has_session_state": true, "request_is_secure": false, "scheme": "http"}, "timestamp": 1777574208368}
{"sessionId": "005787", "runId": "pre", "hypothesisId": "E", "location": "app.py", "message": "_get_authenticated_client start", "data": {}, "timestamp": 1777574208372}
{"sessionId": "005787", "runId": "pre", "hypothesisId": "E", "location": "app.py", "message": "oauth.validate_token returned", "data": {"elapsed_ms": 0, "has_token_info": true}, "timestamp": 1777574208376}
{"sessionId": "005787", "runId": "pre", "hypothesisId": "E", "location": "app.py", "message": "_get_authenticated_client done", "data": {"elapsed_ms_total": 5}, "timestamp": 1777574208378}
{"sessionId": "005787", "runId": "pre", "hypothesisId": "C", "location": "app.py", "message": "POST /run-pipeline entry", "data": {"has_session_token": true, "scheme": "http"}, "timestamp": 1777574210282}
{"sessionId": "005787", "runId": "pre", "hypothesisId": "E", "location": "app.py", "message": "_get_authenticated_client start", "data": {}, "timestamp": 1777574210283}
{"sessionId": "005787", "runId": "pre", "hypothesisId": "E", "location": "app.py", "message": "oauth.validate_token returned", "data": {"elapsed_ms": 0, "has_token_info": true}, "timestamp": 1777574210285}
{"sessionId": "005787", "runId": "pre", "hypothesisId": "E", "location": "app.py", "message": "_get_authenticated_client done", "data": {"elapsed_ms_total": 4}, "timestamp": 1777574210287}
{"sessionId": "005787", "runId": "pre", "hypothesisId": "C", "location": "app.py", "message": "pipeline stream generator start", "data": {}, "timestamp": 1777574210288}
{"sessionId": "005787", "runId": "pre", "hypothesisId": "C", "location": "app.py", "message": "pipeline worker start", "data": {}, "timestamp": 1777574210290}
{"sessionId": "005787", "runId": "pre", "hypothesisId": "C", "location": "spotify_client.py", "message": "extract start", "data": {"rapidapi_host": "spotify-extended-audio-features-api.p.rapidapi.com", "rapidapi_timeout_seconds_type": "float", "rapidapi_timeout_seconds": "20.0"}, "timestamp": 1777574210292}
{"sessionId": "005787", "runId": "pre", "hypothesisId": "C", "location": "spotify_client.py", "message": "fetch_saved_tracks batch", "data": {"offset": 0, "limit": 50}, "timestamp": 1777574210294}
{"sessionId": "005787", "runId": "pre", "hypothesisId": "C", "location": "spotify_client.py", "message": "fetch_saved_tracks batch", "data": {"offset": 50, "limit": 50}, "timestamp": 1777574210610}
{"sessionId": "005787", "runId": "pre", "hypothesisId": "C", "location": "spotify_client.py", "message": "fetch_saved_tracks batch", "data": {"offset": 100, "limit": 50}, "timestamp": 1777574210838}
{"sessionId": "005787", "runId": "pre", "hypothesisId": "C", "location": "spotify_client.py", "message": "fetch_saved_tracks batch", "data": {"offset": 150, "limit": 50}, "timestamp": 1777574211042}
{"sessionId": "005787", "runId": "pre", "hypothesisId": "C", "location": "spotify_client.py", "message": "fetch_saved_tracks batch", "data": {"offset": 200, "limit": 50}, "timestamp": 1777574211300}
{"sessionId": "005787", "runId": "pre", "hypothesisId": "C", "location": "spotify_client.py", "message": "fetch_saved_tracks batch", "data": {"offset": 250, "limit": 50}, "timestamp": 1777574211538}
{"sessionId": "005787", "runId": "pre", "hypothesisId": "C", "location": "spotify_client.py", "message": "saved tracks fetched", "data": {"items": 300}, "timestamp": 1777574211781}
{"sessionId": "005787", "runId": "pre", "hypothesisId": "C", "location": "spotify_client.py", "message": "fetch_audio_features start", "data": {"track_ids": 300, "batches": 60, "timeout_seconds": "20.0"}, "timestamp": 1777574211782}
{"sessionId": "005787", "runId": "pre", "hypothesisId": "C", "location": "spotify_client.py", "message": "audio features fetched", "data": {"track_ids": 300, "features": 300, "has_warning": false}, "timestamp": 1777574213261}
{"sessionId": "005787", "runId": "pre", "hypothesisId": "C", "location": "app.py", "message": "pipeline worker finished analyze_library", "data": {"records_loaded": 300, "raw_empty": false, "has_cluster_result": true, "has_warning": false}, "timestamp": 1777574217833}
{"sessionId": "005787", "runId": "pre", "hypothesisId": "E", "location": "app.py", "message": "_get_authenticated_client start", "data": {}, "timestamp": 1777574217862}
{"sessionId": "005787", "runId": "pre", "hypothesisId": "E", "location": "app.py", "message": "oauth.validate_token returned", "data": {"elapsed_ms": 1, "has_token_info": true}, "timestamp": 1777574217864}
{"sessionId": "005787", "runId": "pre", "hypothesisId": "E", "location": "app.py", "message": "_get_authenticated_client done", "data": {"elapsed_ms_total": 4}, "timestamp": 1777574217867}
{"sessionId": "005787", "runId": "pre", "hypothesisId": "E", "location": "app.py", "message": "_get_authenticated_client start", "data": {}, "timestamp": 1777574247084}
{"sessionId": "005787", "runId": "pre", "hypothesisId": "E", "location": "app.py", "message": "oauth.validate_token returned", "data": {"elapsed_ms": 0, "has_token_info": true}, "timestamp": 1777574247087}
{"sessionId": "005787", "runId": "pre", "hypothesisId": "E", "location": "app.py", "message": "_get_authenticated_client done", "data": {"elapsed_ms_total": 3}, "timestamp": 1777574247088}
{"sessionId": "005787", "runId": "pre", "hypothesisId": "C", "location": "spotify_client.py", "message": "extract start", "data": {"rapidapi_host": "spotify-extended-audio-features-api.p.rapidapi.com", "rapidapi_timeout_seconds_type": "float", "rapidapi_timeout_seconds": "20.0"}, "timestamp": 1777574247092}
{"sessionId": "005787", "runId": "pre", "hypothesisId": "C", "location": "spotify_client.py", "message": "fetch_saved_tracks batch", "data": {"offset": 0, "limit": 50}, "timestamp": 1777574247094}
{"sessionId": "005787", "runId": "pre", "hypothesisId": "C", "location": "spotify_client.py", "message": "fetch_saved_tracks batch", "data": {"offset": 50, "limit": 50}, "timestamp": 1777574247372}
{"sessionId": "005787", "runId": "pre", "hypothesisId": "C", "location": "spotify_client.py", "message": "fetch_saved_tracks batch", "data": {"offset": 100, "limit": 50}, "timestamp": 1777574247612}
{"sessionId": "005787", "runId": "pre", "hypothesisId": "C", "location": "spotify_client.py", "message": "fetch_saved_tracks batch", "data": {"offset": 150, "limit": 50}, "timestamp": 1777574247818}
{"sessionId": "005787", "runId": "pre", "hypothesisId": "C", "location": "spotify_client.py", "message": "fetch_saved_tracks batch", "data": {"offset": 200, "limit": 50}, "timestamp": 1777574248042}
{"sessionId": "005787", "runId": "pre", "hypothesisId": "C", "location": "spotify_client.py", "message": "fetch_saved_tracks batch", "data": {"offset": 250, "limit": 50}, "timestamp": 1777574248302}
{"sessionId": "005787", "runId": "pre", "hypothesisId": "C", "location": "spotify_client.py", "message": "saved tracks fetched", "data": {"items": 300}, "timestamp": 1777574248517}
{"sessionId": "005787", "runId": "pre", "hypothesisId": "C", "location": "spotify_client.py", "message": "fetch_audio_features start", "data": {"track_ids": 300, "batches": 60, "timeout_seconds": "20.0"}, "timestamp": 1777574248518}
{"sessionId": "005787", "runId": "pre", "hypothesisId": "C", "location": "spotify_client.py", "message": "audio features fetched", "data": {"track_ids": 300, "features": 300, "has_warning": false}, "timestamp": 1777574249968}
{"sessionId": "005787", "runId": "pre", "hypothesisId": "E", "location": "app.py", "message": "_get_authenticated_client start", "data": {}, "timestamp": 1777574285381}
{"sessionId": "005787", "runId": "pre", "hypothesisId": "E", "location": "app.py", "message": "oauth.validate_token returned", "data": {"elapsed_ms": 1, "has_token_info": true}, "timestamp": 1777574285384}
{"sessionId": "005787", "runId": "pre", "hypothesisId": "E", "location": "app.py", "message": "_get_authenticated_client done", "data": {"elapsed_ms_total": 4}, "timestamp": 1777574285385}
{"sessionId": "005787", "runId": "pre", "hypothesisId": "C", "location": "spotify_client.py", "message": "extract start", "data": {"rapidapi_host": "spotify-extended-audio-features-api.p.rapidapi.com", "rapidapi_timeout_seconds_type": "float", "rapidapi_timeout_seconds": "20.0"}, "timestamp": 1777574285387}
{"sessionId": "005787", "runId": "pre", "hypothesisId": "C", "location": "spotify_client.py", "message": "fetch_saved_tracks batch", "data": {"offset": 0, "limit": 50}, "timestamp": 1777574285391}
{"sessionId": "005787", "runId": "pre", "hypothesisId": "C", "location": "spotify_client.py", "message": "fetch_saved_tracks batch", "data": {"offset": 50, "limit": 50}, "timestamp": 1777574285679}
{"sessionId": "005787", "runId": "pre", "hypothesisId": "C", "location": "spotify_client.py", "message": "fetch_saved_tracks batch", "data": {"offset": 100, "limit": 50}, "timestamp": 1777574285902}
{"sessionId": "005787", "runId": "pre", "hypothesisId": "C", "location": "spotify_client.py", "message": "fetch_saved_tracks batch", "data": {"offset": 150, "limit": 50}, "timestamp": 1777574286135}
{"sessionId": "005787", "runId": "pre", "hypothesisId": "C", "location": "spotify_client.py", "message": "fetch_saved_tracks batch", "data": {"offset": 200, "limit": 50}, "timestamp": 1777574286375}
{"sessionId": "005787", "runId": "pre", "hypothesisId": "C", "location": "spotify_client.py", "message": "fetch_saved_tracks batch", "data": {"offset": 250, "limit": 50}, "timestamp": 1777574286628}
{"sessionId": "005787", "runId": "pre", "hypothesisId": "C", "location": "spotify_client.py", "message": "saved tracks fetched", "data": {"items": 300}, "timestamp": 1777574286839}
{"sessionId": "005787", "runId": "pre", "hypothesisId": "C", "location": "spotify_client.py", "message": "fetch_audio_features start", "data": {"track_ids": 300, "batches": 60, "timeout_seconds": "20.0"}, "timestamp": 1777574286841}
{"sessionId": "005787", "runId": "pre", "hypothesisId": "C", "location": "spotify_client.py", "message": "audio features fetched", "data": {"track_ids": 300, "features": 300, "has_warning": false}, "timestamp": 1777574288407}
{"sessionId": "005787", "runId": "pre", "hypothesisId": "A", "location": "app.py", "message": "Flask app configured", "data": {"session_cookie_secure": false, "session_cookie_samesite": "Lax", "session_cookie_secure_env": "false"}, "timestamp": 1777609388229}
{"sessionId": "005787", "runId": "pre", "hypothesisId": "A", "location": "app.py", "message": "GET / entry", "data": {"args_keys": [], "has_code": false, "has_error": false, "has_session_token": false, "has_session_state": false, "request_is_secure": false, "scheme": "http"}, "timestamp": 1777609398026}
{"sessionId": "005787", "runId": "pre", "hypothesisId": "E", "location": "app.py", "message": "_get_authenticated_client start", "data": {}, "timestamp": 1777609398038}
{"sessionId": "005787", "runId": "pre", "hypothesisId": "E", "location": "app.py", "message": "oauth.validate_token returned", "data": {"elapsed_ms": 202, "has_token_info": true}, "timestamp": 1777609398248}
{"sessionId": "005787", "runId": "pre", "hypothesisId": "E", "location": "app.py", "message": "_get_authenticated_client done", "data": {"elapsed_ms_total": 212}, "timestamp": 1777609398250}
{"sessionId": "005787", "runId": "pre", "hypothesisId": "C", "location": "app.py", "message": "POST /run-pipeline entry", "data": {"has_session_token": false, "scheme": "http"}, "timestamp": 1777609410740}
{"sessionId": "005787", "runId": "pre", "hypothesisId": "E", "location": "app.py", "message": "_get_authenticated_client start", "data": {}, "timestamp": 1777609410742}
{"sessionId": "005787", "runId": "pre", "hypothesisId": "E", "location": "app.py", "message": "oauth.validate_token returned", "data": {"elapsed_ms": 0, "has_token_info": true}, "timestamp": 1777609410749}
{"sessionId": "005787", "runId": "pre", "hypothesisId": "E", "location": "app.py", "message": "_get_authenticated_client done", "data": {"elapsed_ms_total": 15}, "timestamp": 1777609410757}
{"sessionId": "005787", "runId": "pre", "hypothesisId": "C", "location": "app.py", "message": "pipeline stream generator start", "data": {}, "timestamp": 1777609410762}
{"sessionId": "005787", "runId": "pre", "hypothesisId": "C", "location": "app.py", "message": "pipeline worker start", "data": {}, "timestamp": 1777609410774}
{"sessionId": "005787", "runId": "pre", "hypothesisId": "C", "location": "spotify_client.py", "message": "extract start", "data": {"rapidapi_host": "spotify-extended-audio-features-api.p.rapidapi.com", "rapidapi_timeout_seconds_type": "float", "rapidapi_timeout_seconds": "20.0"}, "timestamp": 1777609411055}
{"sessionId": "005787", "runId": "pre", "hypothesisId": "C", "location": "spotify_client.py", "message": "fetch_saved_tracks batch", "data": {"offset": 0, "limit": 50}, "timestamp": 1777609411058}
{"sessionId": "005787", "runId": "pre", "hypothesisId": "C", "location": "spotify_client.py", "message": "fetch_saved_tracks batch", "data": {"offset": 50, "limit": 50}, "timestamp": 1777609411796}
{"sessionId": "005787", "runId": "pre", "hypothesisId": "C", "location": "spotify_client.py", "message": "fetch_saved_tracks batch", "data": {"offset": 100, "limit": 50}, "timestamp": 1777609412050}
{"sessionId": "005787", "runId": "pre", "hypothesisId": "C", "location": "spotify_client.py", "message": "fetch_saved_tracks batch", "data": {"offset": 150, "limit": 50}, "timestamp": 1777609412263}
{"sessionId": "005787", "runId": "pre", "hypothesisId": "C", "location": "spotify_client.py", "message": "fetch_saved_tracks batch", "data": {"offset": 200, "limit": 50}, "timestamp": 1777609412552}
{"sessionId": "005787", "runId": "pre", "hypothesisId": "C", "location": "spotify_client.py", "message": "fetch_saved_tracks batch", "data": {"offset": 250, "limit": 50}, "timestamp": 1777609412959}
{"sessionId": "005787", "runId": "pre", "hypothesisId": "C", "location": "spotify_client.py", "message": "saved tracks fetched", "data": {"items": 300}, "timestamp": 1777609413194}
{"sessionId": "005787", "runId": "pre", "hypothesisId": "C", "location": "spotify_client.py", "message": "fetch_audio_features start", "data": {"track_ids": 300, "batches": 60, "timeout_seconds": "20.0"}, "timestamp": 1777609413196}
{"sessionId": "005787", "runId": "pre", "hypothesisId": "C", "location": "spotify_client.py", "message": "audio features fetched", "data": {"track_ids": 300, "features": 300, "has_warning": false}, "timestamp": 1777609423431}
{"sessionId": "005787", "runId": "pre", "hypothesisId": "C", "location": "app.py", "message": "pipeline worker finished analyze_library", "data": {"records_loaded": 300, "raw_empty": false, "has_cluster_result": true, "has_warning": false}, "timestamp": 1777609432003}
{"sessionId": "005787", "runId": "pre", "hypothesisId": "E", "location": "app.py", "message": "_get_authenticated_client start", "data": {}, "timestamp": 1777609432217}
{"sessionId": "005787", "runId": "pre", "hypothesisId": "E", "location": "app.py", "message": "oauth.validate_token returned", "data": {"elapsed_ms": 3, "has_token_info": true}, "timestamp": 1777609432228}
{"sessionId": "005787", "runId": "pre", "hypothesisId": "E", "location": "app.py", "message": "_get_authenticated_client done", "data": {"elapsed_ms_total": 13}, "timestamp": 1777609432231}
{"sessionId": "005787", "runId": "pre", "hypothesisId": "A", "location": "app.py", "message": "Flask app configured", "data": {"session_cookie_secure": false, "session_cookie_samesite": "Lax", "session_cookie_secure_env": "false"}, "timestamp": 1777613331305}
{"sessionId": "005787", "runId": "pre", "hypothesisId": "A", "location": "app.py", "message": "GET / entry", "data": {"args_keys": [], "has_code": false, "has_error": false, "has_session_token": false, "has_session_state": true, "request_is_secure": false, "scheme": "http"}, "timestamp": 1777613334792}
{"sessionId": "005787", "runId": "pre", "hypothesisId": "E", "location": "app.py", "message": "_get_authenticated_client start", "data": {}, "timestamp": 1777613334793}
{"sessionId": "005787", "runId": "pre", "hypothesisId": "E", "location": "app.py", "message": "oauth.validate_token returned", "data": {"elapsed_ms": 143, "has_token_info": true}, "timestamp": 1777613334939}
{"sessionId": "005787", "runId": "pre", "hypothesisId": "E", "location": "app.py", "message": "_get_authenticated_client done", "data": {"elapsed_ms_total": 147}, "timestamp": 1777613334940}
{"sessionId": "005787", "runId": "pre", "hypothesisId": "C", "location": "app.py", "message": "POST /run-pipeline entry", "data": {"has_session_token": false, "scheme": "http"}, "timestamp": 1777613339038}
{"sessionId": "005787", "runId": "pre", "hypothesisId": "E", "location": "app.py", "message": "_get_authenticated_client start", "data": {}, "timestamp": 1777613339040}
{"sessionId": "005787", "runId": "pre", "hypothesisId": "E", "location": "app.py", "message": "oauth.validate_token returned", "data": {"elapsed_ms": 0, "has_token_info": true}, "timestamp": 1777613339044}
{"sessionId": "005787", "runId": "pre", "hypothesisId": "E", "location": "app.py", "message": "_get_authenticated_client done", "data": {"elapsed_ms_total": 5}, "timestamp": 1777613339046}
{"sessionId": "005787", "runId": "pre", "hypothesisId": "C", "location": "app.py", "message": "pipeline stream generator start", "data": {}, "timestamp": 1777613339048}
{"sessionId": "005787", "runId": "pre", "hypothesisId": "C", "location": "app.py", "message": "pipeline worker start", "data": {}, "timestamp": 1777613339052}
{"sessionId": "005787", "runId": "pre", "hypothesisId": "C", "location": "spotify_client.py", "message": "extract start", "data": {"rapidapi_host": "spotify-extended-audio-features-api.p.rapidapi.com", "rapidapi_timeout_seconds_type": "float", "rapidapi_timeout_seconds": "20.0"}, "timestamp": 1777613339057}
{"sessionId": "005787", "runId": "pre", "hypothesisId": "C", "location": "spotify_client.py", "message": "fetch_saved_tracks batch", "data": {"offset": 0, "limit": 50}, "timestamp": 1777613339062}
{"sessionId": "005787", "runId": "pre", "hypothesisId": "C", "location": "spotify_client.py", "message": "fetch_saved_tracks batch", "data": {"offset": 50, "limit": 50}, "timestamp": 1777613339342}
{"sessionId": "005787", "runId": "pre", "hypothesisId": "C", "location": "spotify_client.py", "message": "fetch_saved_tracks batch", "data": {"offset": 100, "limit": 50}, "timestamp": 1777613339580}
{"sessionId": "005787", "runId": "pre", "hypothesisId": "C", "location": "spotify_client.py", "message": "fetch_saved_tracks batch", "data": {"offset": 150, "limit": 50}, "timestamp": 1777613339813}
{"sessionId": "005787", "runId": "pre", "hypothesisId": "C", "location": "spotify_client.py", "message": "fetch_saved_tracks batch", "data": {"offset": 200, "limit": 50}, "timestamp": 1777613340033}
{"sessionId": "005787", "runId": "pre", "hypothesisId": "C", "location": "spotify_client.py", "message": "fetch_saved_tracks batch", "data": {"offset": 250, "limit": 50}, "timestamp": 1777613340226}
{"sessionId": "005787", "runId": "pre", "hypothesisId": "C", "location": "spotify_client.py", "message": "saved tracks fetched", "data": {"items": 300}, "timestamp": 1777613340453}
{"sessionId": "005787", "runId": "pre", "hypothesisId": "C", "location": "spotify_client.py", "message": "fetch_audio_features start", "data": {"track_ids": 300, "batches": 60, "timeout_seconds": "20.0"}, "timestamp": 1777613340454}
{"sessionId": "005787", "runId": "pre", "hypothesisId": "C", "location": "spotify_client.py", "message": "audio features fetched", "data": {"track_ids": 300, "features": 300, "has_warning": false}, "timestamp": 1777613351906}
{"sessionId": "005787", "runId": "pre", "hypothesisId": "C", "location": "app.py", "message": "pipeline worker finished analyze_library", "data": {"records_loaded": 300, "raw_empty": false, "has_cluster_result": true, "has_warning": false}, "timestamp": 1777613357636}
{"sessionId": "005787", "runId": "pre", "hypothesisId": "E", "location": "app.py", "message": "_get_authenticated_client start", "data": {}, "timestamp": 1777613357693}
{"sessionId": "005787", "runId": "pre", "hypothesisId": "E", "location": "app.py", "message": "oauth.validate_token returned", "data": {"elapsed_ms": 0, "has_token_info": true}, "timestamp": 1777613357698}
{"sessionId": "005787", "runId": "pre", "hypothesisId": "E", "location": "app.py", "message": "_get_authenticated_client done", "data": {"elapsed_ms_total": 10}, "timestamp": 1777613357704}
{"sessionId": "005787", "runId": "pre", "hypothesisId": "E", "location": "app.py", "message": "_get_authenticated_client start", "data": {}, "timestamp": 1777614111544}
{"sessionId": "005787", "runId": "pre", "hypothesisId": "E", "location": "app.py", "message": "oauth.validate_token returned", "data": {"elapsed_ms": 0, "has_token_info": true}, "timestamp": 1777614111546}
{"sessionId": "005787", "runId": "pre", "hypothesisId": "E", "location": "app.py", "message": "_get_authenticated_client done", "data": {"elapsed_ms_total": 6}, "timestamp": 1777614111550}
{"sessionId": "005787", "runId": "pre", "hypothesisId": "E", "location": "app.py", "message": "_get_authenticated_client start", "data": {}, "timestamp": 1777614115575}
{"sessionId": "005787", "runId": "pre", "hypothesisId": "E", "location": "app.py", "message": "oauth.validate_token returned", "data": {"elapsed_ms": 1, "has_token_info": true}, "timestamp": 1777614115579}
{"sessionId": "005787", "runId": "pre", "hypothesisId": "E", "location": "app.py", "message": "_get_authenticated_client done", "data": {"elapsed_ms_total": 8}, "timestamp": 1777614115583}
{"sessionId": "005787", "runId": "pre", "hypothesisId": "A", "location": "app.py", "message": "Flask app configured", "data": {"session_cookie_secure": false, "session_cookie_samesite": "Lax", "session_cookie_secure_env": "false"}, "timestamp": 1777614126970}
{"sessionId": "005787", "runId": "pre", "hypothesisId": "A", "location": "app.py", "message": "GET / entry", "data": {"args_keys": [], "has_code": false, "has_error": false, "has_session_token": false, "has_session_state": true, "request_is_secure": false, "scheme": "http"}, "timestamp": 1777614130442}
{"sessionId": "005787", "runId": "pre", "hypothesisId": "E", "location": "app.py", "message": "_get_authenticated_client start", "data": {}, "timestamp": 1777614130447}
{"sessionId": "005787", "runId": "pre", "hypothesisId": "E", "location": "app.py", "message": "oauth.validate_token returned", "data": {"elapsed_ms": 1, "has_token_info": true}, "timestamp": 1777614130455}
{"sessionId": "005787", "runId": "pre", "hypothesisId": "E", "location": "app.py", "message": "_get_authenticated_client done", "data": {"elapsed_ms_total": 9}, "timestamp": 1777614130456}
{"sessionId": "005787", "runId": "pre", "hypothesisId": "C", "location": "app.py", "message": "POST /run-pipeline entry", "data": {"has_session_token": false, "scheme": "http"}, "timestamp": 1777614134620}
{"sessionId": "005787", "runId": "pre", "hypothesisId": "E", "location": "app.py", "message": "_get_authenticated_client start", "data": {}, "timestamp": 1777614134622}
{"sessionId": "005787", "runId": "pre", "hypothesisId": "E", "location": "app.py", "message": "oauth.validate_token returned", "data": {"elapsed_ms": 0, "has_token_info": true}, "timestamp": 1777614134625}
{"sessionId": "005787", "runId": "pre", "hypothesisId": "E", "location": "app.py", "message": "_get_authenticated_client done", "data": {"elapsed_ms_total": 5}, "timestamp": 1777614134628}
{"sessionId": "005787", "runId": "pre", "hypothesisId": "C", "location": "app.py", "message": "pipeline stream generator start", "data": {}, "timestamp": 1777614134630}
{"sessionId": "005787", "runId": "pre", "hypothesisId": "C", "location": "app.py", "message": "pipeline worker start", "data": {}, "timestamp": 1777614134637}
{"sessionId": "005787", "runId": "pre", "hypothesisId": "C", "location": "spotify_client.py", "message": "extract start", "data": {"rapidapi_host": "spotify-extended-audio-features-api.p.rapidapi.com", "rapidapi_timeout_seconds_type": "float", "rapidapi_timeout_seconds": "20.0"}, "timestamp": 1777614134640}
{"sessionId": "005787", "runId": "pre", "hypothesisId": "C", "location": "spotify_client.py", "message": "fetch_saved_tracks batch", "data": {"offset": 0, "limit": 50}, "timestamp": 1777614134642}
{"sessionId": "005787", "runId": "pre", "hypothesisId": "C", "location": "spotify_client.py", "message": "fetch_saved_tracks batch", "data": {"offset": 50, "limit": 50}, "timestamp": 1777614134943}
{"sessionId": "005787", "runId": "pre", "hypothesisId": "C", "location": "spotify_client.py", "message": "fetch_saved_tracks batch", "data": {"offset": 100, "limit": 50}, "timestamp": 1777614135154}
{"sessionId": "005787", "runId": "pre", "hypothesisId": "C", "location": "spotify_client.py", "message": "fetch_saved_tracks batch", "data": {"offset": 150, "limit": 50}, "timestamp": 1777614135340}
{"sessionId": "005787", "runId": "pre", "hypothesisId": "C", "location": "spotify_client.py", "message": "fetch_saved_tracks batch", "data": {"offset": 200, "limit": 50}, "timestamp": 1777614135670}
{"sessionId": "005787", "runId": "pre", "hypothesisId": "C", "location": "spotify_client.py", "message": "fetch_saved_tracks batch", "data": {"offset": 250, "limit": 50}, "timestamp": 1777614135886}
{"sessionId": "005787", "runId": "pre", "hypothesisId": "C", "location": "spotify_client.py", "message": "saved tracks fetched", "data": {"items": 300}, "timestamp": 1777614136245}
{"sessionId": "005787", "runId": "pre", "hypothesisId": "C", "location": "spotify_client.py", "message": "fetch_audio_features start", "data": {"track_ids": 300, "batches": 60, "timeout_seconds": "20.0"}, "timestamp": 1777614136248}
{"sessionId": "005787", "runId": "pre", "hypothesisId": "C", "location": "spotify_client.py", "message": "audio features fetched", "data": {"track_ids": 300, "features": 300, "has_warning": false}, "timestamp": 1777614137839}
{"sessionId": "005787", "runId": "pre", "hypothesisId": "C", "location": "app.py", "message": "pipeline worker finished analyze_library", "data": {"records_loaded": 300, "raw_empty": false, "has_cluster_result": true, "has_warning": false}, "timestamp": 1777614143081}
{"sessionId": "005787", "runId": "pre", "hypothesisId": "E", "location": "app.py", "message": "_get_authenticated_client start", "data": {}, "timestamp": 1777614143136}
{"sessionId": "005787", "runId": "pre", "hypothesisId": "E", "location": "app.py", "message": "oauth.validate_token returned", "data": {"elapsed_ms": 0, "has_token_info": true}, "timestamp": 1777614143138}
{"sessionId": "005787", "runId": "pre", "hypothesisId": "E", "location": "app.py", "message": "_get_authenticated_client done", "data": {"elapsed_ms_total": 6}, "timestamp": 1777614143143}
{"sessionId": "005787", "runId": "pre", "hypothesisId": "A", "location": "app.py", "message": "Flask app configured", "data": {"session_cookie_secure": false, "session_cookie_samesite": "Lax", "session_cookie_secure_env": "false"}, "timestamp": 1777614527067}
{"sessionId": "005787", "runId": "pre", "hypothesisId": "A", "location": "app.py", "message": "GET / entry", "data": {"args_keys": [], "has_code": false, "has_error": false, "has_session_token": false, "has_session_state": true, "request_is_secure": false, "scheme": "http"}, "timestamp": 1777614529701}
{"sessionId": "005787", "runId": "pre", "hypothesisId": "E", "location": "app.py", "message": "_get_authenticated_client start", "data": {}, "timestamp": 1777614529705}
{"sessionId": "005787", "runId": "pre", "hypothesisId": "E", "location": "app.py", "message": "oauth.validate_token returned", "data": {"elapsed_ms": 2, "has_token_info": true}, "timestamp": 1777614529711}
{"sessionId": "005787", "runId": "pre", "hypothesisId": "E", "location": "app.py", "message": "_get_authenticated_client done", "data": {"elapsed_ms_total": 8}, "timestamp": 1777614529714}
{"sessionId": "005787", "runId": "pre", "hypothesisId": "C", "location": "app.py", "message": "POST /run-pipeline entry", "data": {"has_session_token": false, "scheme": "http"}, "timestamp": 1777614532115}
{"sessionId": "005787", "runId": "pre", "hypothesisId": "E", "location": "app.py", "message": "_get_authenticated_client start", "data": {}, "timestamp": 1777614532116}
{"sessionId": "005787", "runId": "pre", "hypothesisId": "E", "location": "app.py", "message": "oauth.validate_token returned", "data": {"elapsed_ms": 1, "has_token_info": true}, "timestamp": 1777614532120}
{"sessionId": "005787", "runId": "pre", "hypothesisId": "E", "location": "app.py", "message": "_get_authenticated_client done", "data": {"elapsed_ms_total": 5}, "timestamp": 1777614532122}
{"sessionId": "005787", "runId": "pre", "hypothesisId": "C", "location": "app.py", "message": "pipeline stream generator start", "data": {}, "timestamp": 1777614532124}
{"sessionId": "005787", "runId": "pre", "hypothesisId": "C", "location": "app.py", "message": "pipeline worker start", "data": {}, "timestamp": 1777614532128}
{"sessionId": "005787", "runId": "pre", "hypothesisId": "C", "location": "spotify_client.py", "message": "extract start", "data": {"rapidapi_host": "spotify-extended-audio-features-api.p.rapidapi.com", "rapidapi_timeout_seconds_type": "float", "rapidapi_timeout_seconds": "20.0"}, "timestamp": 1777614532130}
{"sessionId": "005787", "runId": "pre", "hypothesisId": "C", "location": "spotify_client.py", "message": "fetch_saved_tracks batch", "data": {"offset": 0, "limit": 50}, "timestamp": 1777614532133}
{"sessionId": "005787", "runId": "pre", "hypothesisId": "C", "location": "spotify_client.py", "message": "fetch_saved_tracks batch", "data": {"offset": 50, "limit": 50}, "timestamp": 1777614532497}
{"sessionId": "005787", "runId": "pre", "hypothesisId": "C", "location": "spotify_client.py", "message": "fetch_saved_tracks batch", "data": {"offset": 100, "limit": 50}, "timestamp": 1777614532697}
{"sessionId": "005787", "runId": "pre", "hypothesisId": "C", "location": "spotify_client.py", "message": "fetch_saved_tracks batch", "data": {"offset": 150, "limit": 50}, "timestamp": 1777614532950}
{"sessionId": "005787", "runId": "pre", "hypothesisId": "C", "location": "spotify_client.py", "message": "fetch_saved_tracks batch", "data": {"offset": 200, "limit": 50}, "timestamp": 1777614533194}
{"sessionId": "005787", "runId": "pre", "hypothesisId": "C", "location": "spotify_client.py", "message": "fetch_saved_tracks batch", "data": {"offset": 250, "limit": 50}, "timestamp": 1777614533456}
{"sessionId": "005787", "runId": "pre", "hypothesisId": "C", "location": "spotify_client.py", "message": "saved tracks fetched", "data": {"items": 300}, "timestamp": 1777614533695}
{"sessionId": "005787", "runId": "pre", "hypothesisId": "C", "location": "spotify_client.py", "message": "fetch_audio_features start", "data": {"track_ids": 300, "batches": 60, "timeout_seconds": "20.0"}, "timestamp": 1777614533697}
{"sessionId": "005787", "runId": "pre", "hypothesisId": "C", "location": "spotify_client.py", "message": "audio features fetched", "data": {"track_ids": 300, "features": 300, "has_warning": false}, "timestamp": 1777614535144}
{"sessionId": "005787", "runId": "pre", "hypothesisId": "C", "location": "app.py", "message": "pipeline worker finished analyze_library", "data": {"records_loaded": 300, "raw_empty": false, "has_cluster_result": true, "has_warning": false}, "timestamp": 1777614540407}
{"sessionId": "005787", "runId": "pre", "hypothesisId": "F", "location": "app.py", "message": "beacon", "data": {"event": "start_load", "ua": "Mozilla/5.0 (Windows NT 10.0; Win64; x64) AppleWebKit/537.36 (KHTML, like Gecko) Chrome/147.0.0.0 Safari/537.36", "referer": "http://127.0.0.1:8501/run-pipeline", "has_session_token": false}, "timestamp": 1777614540540}
{"sessionId": "005787", "runId": "pre", "hypothesisId": "A", "location": "app.py", "message": "Flask app configured", "data": {"session_cookie_secure": false, "session_cookie_samesite": "Lax", "session_cookie_secure_env": "false"}, "timestamp": 1777614651889}
{"sessionId": "005787", "runId": "pre", "hypothesisId": "A", "location": "app.py", "message": "GET / entry", "data": {"args_keys": [], "has_code": false, "has_error": false, "has_session_token": false, "has_session_state": true, "request_is_secure": false, "scheme": "http"}, "timestamp": 1777614655529}
{"sessionId": "005787", "runId": "pre", "hypothesisId": "E", "location": "app.py", "message": "_get_authenticated_client start", "data": {}, "timestamp": 1777614655531}
{"sessionId": "005787", "runId": "pre", "hypothesisId": "E", "location": "app.py", "message": "oauth.validate_token returned", "data": {"elapsed_ms": 1, "has_token_info": true}, "timestamp": 1777614655539}
{"sessionId": "005787", "runId": "pre", "hypothesisId": "E", "location": "app.py", "message": "_get_authenticated_client done", "data": {"elapsed_ms_total": 12}, "timestamp": 1777614655543}
{"sessionId": "005787", "runId": "pre", "hypothesisId": "C", "location": "app.py", "message": "POST /run-pipeline entry", "data": {"has_session_token": false, "scheme": "http"}, "timestamp": 1777614657343}
{"sessionId": "005787", "runId": "pre", "hypothesisId": "E", "location": "app.py", "message": "_get_authenticated_client start", "data": {}, "timestamp": 1777614657345}
{"sessionId": "005787", "runId": "pre", "hypothesisId": "E", "location": "app.py", "message": "oauth.validate_token returned", "data": {"elapsed_ms": 0, "has_token_info": true}, "timestamp": 1777614657348}
{"sessionId": "005787", "runId": "pre", "hypothesisId": "E", "location": "app.py", "message": "_get_authenticated_client done", "data": {"elapsed_ms_total": 5}, "timestamp": 1777614657350}
{"sessionId": "005787", "runId": "pre", "hypothesisId": "C", "location": "app.py", "message": "pipeline stream generator start", "data": {}, "timestamp": 1777614657353}
{"sessionId": "005787", "runId": "pre", "hypothesisId": "C", "location": "app.py", "message": "pipeline worker start", "data": {}, "timestamp": 1777614657360}
{"sessionId": "005787", "runId": "pre", "hypothesisId": "C", "location": "spotify_client.py", "message": "extract start", "data": {"rapidapi_host": "spotify-extended-audio-features-api.p.rapidapi.com", "rapidapi_timeout_seconds_type": "float", "rapidapi_timeout_seconds": "20.0"}, "timestamp": 1777614657362}
{"sessionId": "005787", "runId": "pre", "hypothesisId": "C", "location": "spotify_client.py", "message": "fetch_saved_tracks batch", "data": {"offset": 0, "limit": 50}, "timestamp": 1777614657363}
{"sessionId": "005787", "runId": "pre", "hypothesisId": "C", "location": "spotify_client.py", "message": "fetch_saved_tracks batch", "data": {"offset": 50, "limit": 50}, "timestamp": 1777614657678}
{"sessionId": "005787", "runId": "pre", "hypothesisId": "C", "location": "spotify_client.py", "message": "fetch_saved_tracks batch", "data": {"offset": 100, "limit": 50}, "timestamp": 1777614657975}
{"sessionId": "005787", "runId": "pre", "hypothesisId": "C", "location": "spotify_client.py", "message": "fetch_saved_tracks batch", "data": {"offset": 150, "limit": 50}, "timestamp": 1777614658174}
{"sessionId": "005787", "runId": "pre", "hypothesisId": "C", "location": "spotify_client.py", "message": "fetch_saved_tracks batch", "data": {"offset": 200, "limit": 50}, "timestamp": 1777614658367}
{"sessionId": "005787", "runId": "pre", "hypothesisId": "C", "location": "spotify_client.py", "message": "fetch_saved_tracks batch", "data": {"offset": 250, "limit": 50}, "timestamp": 1777614658723}
{"sessionId": "005787", "runId": "pre", "hypothesisId": "C", "location": "spotify_client.py", "message": "saved tracks fetched", "data": {"items": 300}, "timestamp": 1777614658947}
{"sessionId": "005787", "runId": "pre", "hypothesisId": "C", "location": "spotify_client.py", "message": "fetch_audio_features start", "data": {"track_ids": 300, "batches": 60, "timeout_seconds": "20.0"}, "timestamp": 1777614658949}
{"sessionId": "005787", "runId": "pre", "hypothesisId": "C", "location": "spotify_client.py", "message": "audio features fetched", "data": {"track_ids": 300, "features": 300, "has_warning": false}, "timestamp": 1777614660531}
{"sessionId": "005787", "runId": "pre", "hypothesisId": "C", "location": "app.py", "message": "pipeline worker finished analyze_library", "data": {"records_loaded": 300, "raw_empty": false, "has_cluster_result": true, "has_warning": false}, "timestamp": 1777614665155}
{"sessionId": "005787", "runId": "pre", "hypothesisId": "E", "location": "app.py", "message": "_get_authenticated_client start", "data": {}, "timestamp": 1777614665206}
{"sessionId": "005787", "runId": "pre", "hypothesisId": "E", "location": "app.py", "message": "oauth.validate_token returned", "data": {"elapsed_ms": 1, "has_token_info": true}, "timestamp": 1777614665209}
{"sessionId": "005787", "runId": "pre", "hypothesisId": "E", "location": "app.py", "message": "_get_authenticated_client done", "data": {"elapsed_ms_total": 5}, "timestamp": 1777614665211}
